// Jest Snapshot v1, https://goo.gl/fbAQLP

exports[`Testing snapshots Check UI of the component 1`] = `
<div
  className="Footer"
>
  <p
    className="Footer-title"
  >
    Platzi Store
  </p>
  <p
    className="Footer-copy"
  >
    Todos los Izquierdos Reservados
  </p>
</div>
`;
